Dest buffer[0] = 0
Dest buffer[1] = 10
Dest buffer[2] = 20
Dest buffer[3] = 30
Dest buffer[4] = 40
Dest buffer[5] = 50
Dest buffer[6] = 60
Dest buffer[7] = 70
Dest buffer[8] = 80
Dest buffer[9] = 90
buffer[0] = 42
buffer[1] = 42
buffer[2] = 42
buffer[3] = 42
buffer[4] = 42
buffer[5] = 42
buffer[6] = 42
buffer[7] = 42
buffer[8] = 42
buffer[9] = 42
buffer[10] = 42
buffer[11] = 42
buffer[12] = 42
buffer[13] = 42
buffer[14] = 42
buffer[15] = 42
Initial event value: 0
Final event value: 1
dest_buffer[0] = 0
dest_buffer[1] = 1
dest_buffer[2] = 2
dest_buffer[3] = 3
dest_buffer[4] = 4
dest_buffer[5] = 5
dest_buffer[6] = 6
dest_buffer[7] = 7
dest_buffer[8] = 8
dest_buffer[9] = 9
dest_buffer[10] = 10
dest_buffer[11] = 11
dest_buffer[12] = 12
dest_buffer[13] = 13
dest_buffer[14] = 14
dest_buffer[15] = 15
